[bslthemes.com/arter-wp/v2/index.html]
[backblue.gif]
[fade.gif]
[index.html]
[bslthemes.com/arter-wp/v2/wp-includes/js/jquery/jquery4a5f.js]
[bslthemes.com/arter-wp/v2/comments/feed/index.html]
[bslthemes.com/arter-wp/v2/feed/index.html]
[bslthemes.com/arter-wp/v2/wp-json/index.html]
[bslthemes.com/arter-wp/v2/wp-json/wp/v2/pages/13.json]
[bslthemes.com/arter-wp/v2/xmlrpc0db0.php]
[bslthemes.com/arter-wp/v2/wp-includes/wlwmanifest.xml]
[bslthemes.com/arter-wp/v2/wp-json/oembed/1.0/embed0fca.json]
[bslthemes.com/arter-wp/v2/wp-json/oembed/1.0/embed88f1]
[bslthemes.com/arter-wp/v2/wp-content/uploads/2020/10/face-1-min.jpg]
[bslthemes.com/arter-wp/v2/wp-content/uploads/2020/10/face-1-small.jpg]
[bslthemes.com/arter-wp/v2/wp-content/uploads/2020/09/bg.jpg]
[bslthemes.com/arter-demo/wp-content/uploads/2020/09/bg.jpg]
[bslthemes.com/arter-wp/v2/wp-content/uploads/2020/10/face-2-min.png]
[bslthemes.com/arter-wp/v2/portfolio-3-column/index.html]
[bslthemes.com/arter-wp/v2/portfolio-2-column/index.html]
[bslthemes.com/arter-wp/v2/portfolio-gallery/index.html]
[bslthemes.com/arter-wp/v2/wp-content/uploads/2020/09/testimonial-1-140x140.jpg]
[bslthemes.com/arter-wp/v2/wp-content/uploads/2020/09/testimonial-2-140x140.jpg]
[bslthemes.com/arter-wp/v2/portfolio/index.html]
[bslthemes.com/arter-wp/v2/wp-content/uploads/2020/09/testimonial-3-140x140.jpg]
[bslthemes.com/arter-wp/v2/history/index.html]
[bslthemes.com/arter-wp/v2/wp-content/uploads/2020/09/testimonial-4-140x140.jpg]
[bslthemes.com/arter-wp/v2/blog/index.html]
[bslthemes.com/arter-wp/v2/wp-content/uploads/2020/09/brand-1-232x256.png]
[bslthemes.com/arter-wp/v2/blog-3-column/index.html]
[bslthemes.com/arter-wp/v2/wp-content/uploads/2020/09/brand-2-229x256.png]
[bslthemes.com/arter-wp/v2/blog-carousel/index.html]
[bslthemes.com/arter-wp/v2/contact/index.html]
[bslthemes.com/arter-wp/v2/wp-content/uploads/2020/09/brand-3-228x256.png]
[bslthemes.com/arter-wp/v2/wp-content/cache/autoptimize/js/autoptimize_31dc53ad191e3de9c3c7b1f869ddbde9.js]
[bslthemes.com/arter-wp/v2/index.html]
[bslthemes.com/arter-wp/v2/wp-content/themes/arter/assets/fonts/font-awesome/fonts/fontawesome-webfont3e6e.eot]
[bslthemes.com/arter-wp/v2/wp-content/plugins/elementor/assets/lib/eicons/fonts/eiconsc2cd.eot]
[bslthemes.com/arter-wp/v2/wp-content/cache/autoptimize/css/autoptimize_d06acdcfa2051528dec7e5d0f2069765.css]
[bslthemes.com/arter-wp/v2/onepage/index.html]
[bslthemes.com/arter-wp/v2/wp-content/cache/autoptimize/css/autoptimize_single_f40beeb30c48cb63c056c108320ebc673f9d.css]
[bslthemes.com/arter-wp/v2/wp-json/wp/v2/pages/150.json]
[bslthemes.com/arter-wp/v2/wp-json/oembed/1.0/embed8a73.json]
[bslthemes.com/arter-wp/v2/wp-json/oembed/1.0/embedaf0e]
[bslthemes.com/arter-wp/v2/wp-content/uploads/2020/09/work-1.jpg]
[bslthemes.com/arter-wp/v2/wp-content/uploads/2020/09/work-2.jpg]
[bslthemes.com/arter-wp/v2/wp-content/uploads/2020/09/work-3.1d.delayed]
[bslthemes.com/arter-wp/v2/wp-content/uploads/2020/09/work-4.jpg]
[bslthemes.com/arter-wp/v2/portfolio/fitness-trainer-ui-card/index.html]
[bslthemes.com/arter-wp/v2/portfolio/vie-visiting-print-card/index.html]
[bslthemes.com/arter-wp/v2/wp-content/uploads/2020/09/work-5.jpg]
[bslthemes.com/arter-wp/v2/portfolio/yellow-paper-print/index.html]
[bslthemes.com/arter-wp/v2/wp-content/uploads/2020/09/work-6.jpg]
[bslthemes.com/arter-wp/v2/portfolio/simple-visiting-ui-card/index.html]
[bslthemes.com/arter-wp/v2/wp-content/uploads/2020/09/work-7.jpg]
[bslthemes.com/arter-wp/v2/portfolio/flow-focus-sketch-design/index.html]
[bslthemes.com/arter-wp/v2/wp-content/uploads/2020/09/work-8-scaled-1.jpg]
[bslthemes.com/arter-wp/v2/portfolio-2-column/index.html]
[bslthemes.com/arter-wp/v2/portfolio/сardboard-сup-mockup/index.html]
[bslthemes.com/arter-wp/v2/wp-json/wp/v2/pages/155.json]
[bslthemes.com/arter-wp/v2/portfolio/simple-bottle-logo/index.html]
[bslthemes.com/arter-wp/v2/portfolio/black-cup-ui-design/index.html]
[bslthemes.com/arter-wp/v2/wp-json/oembed/1.0/embeddce0.json]
[bslthemes.com/arter-wp/v2/wp-json/oembed/1.0/embed5abf]
[bslthemes.com/arter-wp/v2/portfolio-3-column/index.html]
[bslthemes.com/arter-wp/v2/wp-json/wp/v2/pages/158.json]
[bslthemes.com/arter-wp/v2/wp-json/oembed/1.0/embeda9de.json]
[bslthemes.com/arter-wp/v2/wp-json/oembed/1.0/embed6327]
[bslthemes.com/arter-wp/v2/portfolio-gallery/index.html]
[bslthemes.com/arter-wp/v2/wp-json/wp/v2/pages/162.json]
[bslthemes.com/arter-wp/v2/wp-json/oembed/1.0/embedc377.json]
[bslthemes.com/arter-wp/v2/wp-json/oembed/1.0/embed84f0]
[bslthemes.com/arter-wp/v2/portfolio/index.html]
[bslthemes.com/arter-wp/v2/wp-json/wp/v2/pages/66.json]
[bslthemes.com/arter-wp/v2/wp-json/oembed/1.0/embedd2c0.json]
[bslthemes.com/arter-wp/v2/wp-json/oembed/1.0/embed3c85]
[bslthemes.com/arter-demo/wp-content/uploads/2020/09/certificate.jpg]
[bslthemes.com/arter-wp/v2/history/index.html]
[bslthemes.com/arter-wp/v2/wp-json/wp/v2/pages/166.json]
[bslthemes.com/arter-wp/v2/wp-json/oembed/1.0/embed573b.json]
[bslthemes.com/arter-wp/v2/wp-json/oembed/1.0/embed13e2]
[bslthemes.com/arter-wp/v2/wp-content/uploads/2020/09/blog-7-1280x768.jpg]
[bslthemes.com/arter-wp/v2/wp-content/uploads/2020/09/blog-4-scaled-1-1280x768.jpg]
[bslthemes.com/arter-wp/v2/2020/10/21/hello-world/index.html]
[bslthemes.com/arter-wp/v2/wp-content/uploads/2020/09/blog-2-1280x768.jpg]
[bslthemes.com/arter-wp/v2/2020/09/24/follow-your-own-design-process/index.html]
[bslthemes.com/arter-wp/v2/2020/09/24/why-you-should-take-care-about-your-branding/index.html]
[bslthemes.com/arter-wp/v2/2020/09/24/the-main-thing-for-the-designer-to-create-things/index.html]
[bslthemes.com/arter-wp/v2/wp-content/uploads/2020/09/blog-6-1280x768.jpg]
[bslthemes.com/arter-wp/v2/wp-content/uploads/2020/09/blog-3-1280x768.jpg]
[bslthemes.com/arter-wp/v2/2020/09/24/minimalism-has-reached-a-certain-critical-point/index.html]
[bslthemes.com/arter-wp/v2/blog/index.html]
[bslthemes.com/arter-wp/v2/2020/09/24/inspiring-design-trends-this-fall-2017/index.html]
[bslthemes.com/arter-wp/v2/blog/page/2/index.html]
[bslthemes.com/arter-wp/v2/wp-json/wp/v2/pages/170.json]
[bslthemes.com/arter-wp/v2/wp-json/oembed/1.0/embedec54.json]
[bslthemes.com/arter-wp/v2/wp-json/oembed/1.0/embed2ac5]
[bslthemes.com/arter-wp/v2/blog-3-column/index.html]
[bslthemes.com/arter-wp/v2/wp-json/wp/v2/pages/173.json]
[bslthemes.com/arter-wp/v2/blog-3-column/page/2/index.html]
[bslthemes.com/arter-wp/v2/wp-json/oembed/1.0/embedd215.json]
[bslthemes.com/arter-wp/v2/wp-json/oembed/1.0/embeda28a]
[bslthemes.com/arter-wp/v2/blog-carousel/index.html]
[bslthemes.com/arter-wp/v2/wp-json/wp/v2/pages/76.json]
[bslthemes.com/arter-wp/v2/wp-json/oembed/1.0/embedffbd.json]
[bslthemes.com/arter-wp/v2/wp-json/oembed/1.0/embedbe5d]
[bslthemes.com/arter-wp/v2/contact/index.html]
[bslthemes.com/arter-wp/v2/onepage/feed/index.html]
[bslthemes.com/arter-wp/v2/onepage/wp-includes/js/jquery/jquery4a5f.js]
[bslthemes.com/arter-wp/v2/onepage/comments/feed/index.html]
[bslthemes.com/arter-wp/v2/onepage/wp-json/index.html]
[bslthemes.com/arter-wp/v2/onepage/wp-json/wp/v2/pages/177.json]
[bslthemes.com/arter-wp/v2/onepage/xmlrpc0db0.php]
[bslthemes.com/arter-wp/v2/onepage/wp-includes/wlwmanifest.xml]
[bslthemes.com/arter-wp/v2/onepage/wp-json/oembed/1.0/embedf805.json]
[bslthemes.com/arter-wp/v2/onepage/wp-json/oembed/1.0/embed5c3a]
[bslthemes.com/arter-wp/v2/onepage/wp-content/uploads/2020/10/face-1-min.jpg]
[bslthemes.com/arter-wp/v2/onepage/wp-content/uploads/2020/10/face-1-small.jpg]
[bslthemes.com/arter-wp/v2/onepage/wp-content/uploads/2020/09/bg.jpg]
[bslthemes.com/arter-wp/v2/onepage/wp-content/uploads/2020/10/face-2-min.png]
[bslthemes.com/arter-wp/v2/onepage/wp-content/uploads/2020/09/testimonial-1-140x140.jpg]
[bslthemes.com/arter-wp/v2/onepage/wp-content/uploads/2020/09/testimonial-2-140x140.jpg]
[bslthemes.com/arter-wp/v2/onepage/wp-content/uploads/2020/09/testimonial-3-140x140.jpg]
[bslthemes.com/arter-wp/v2/onepage/wp-content/uploads/2020/09/testimonial-4-140x140.jpg]
[bslthemes.com/arter-wp/v2/onepage/wp-content/uploads/2020/09/work-1.jpg]
[bslthemes.com/arter-wp/v2/onepage/wp-content/uploads/2020/09/work-2.jpg]
[bslthemes.com/arter-wp/v2/onepage/portfolio/fitness-trainer-ui-card/index.html]
[bslthemes.com/arter-wp/v2/onepage/wp-content/uploads/2020/09/work-3.jpg]
[bslthemes.com/arter-wp/v2/onepage/wp-content/uploads/2020/09/work-4.jpg]
[bslthemes.com/arter-wp/v2/onepage/portfolio/vie-visiting-print-card/index.html]
[bslthemes.com/arter-wp/v2/onepage/wp-content/uploads/2020/09/work-5.jpg]
[bslthemes.com/arter-wp/v2/onepage/wp-content/uploads/2020/09/work-6.jpg]
[bslthemes.com/arter-wp/v2/onepage/portfolio/yellow-paper-print/index.html]
[bslthemes.com/arter-wp/v2/onepage/wp-content/uploads/2020/09/work-7.jpg]
[bslthemes.com/arter-wp/v2/onepage/portfolio/simple-visiting-ui-card/index.html]
[bslthemes.com/arter-wp/v2/onepage/wp-content/uploads/2020/09/work-8-scaled-1.jpg]
[bslthemes.com/arter-wp/v2/onepage/portfolio/flow-focus-sketch-design/index.html]
[bslthemes.com/arter-wp/v2/onepage/portfolio/сardboard-сup-mockup/index.html]
[bslthemes.com/arter-wp/v2/onepage/wp-content/uploads/2020/09/blog-7-1280x768.jpg]
[bslthemes.com/arter-wp/v2/onepage/portfolio/simple-bottle-logo/index.html]
[bslthemes.com/arter-wp/v2/onepage/wp-content/uploads/2020/09/blog-4-scaled-1-1280x768.jpg]
[bslthemes.com/arter-wp/v2/onepage/portfolio/black-cup-ui-design/index.html]
[bslthemes.com/arter-wp/v2/onepage/2020/10/21/hello-world/index.html]
[bslthemes.com/arter-wp/v2/onepage/wp-content/uploads/2020/09/blog-2-1280x768.jpg]
[bslthemes.com/arter-wp/v2/onepage/2020/09/24/follow-your-own-design-process/index.html]
[bslthemes.com/arter-wp/v2/onepage/wp-content/uploads/2020/09/blog-6-1280x768.jpg]
[bslthemes.com/arter-wp/v2/onepage/wp-content/uploads/2020/09/blog-3-1280x768.jpg]
[bslthemes.com/arter-wp/v2/onepage/2020/09/24/the-main-thing-for-the-designer-to-create-things/index.html]
[bslthemes.com/arter-wp/v2/onepage/wp-content/uploads/2020/09/brand-1-232x256.png]
[bslthemes.com/arter-wp/v2/onepage/2020/09/24/minimalism-has-reached-a-certain-critical-point/index.html]
[bslthemes.com/arter-wp/v2/onepage/2020/09/24/why-you-should-take-care-about-your-branding/index.html]
[bslthemes.com/arter-wp/v2/onepage/wp-content/uploads/2020/09/brand-2-229x256.png]
[bslthemes.com/arter-wp/v2/onepage/wp-content/uploads/2020/09/brand-3-228x256.png]
[bslthemes.com/arter-wp/v2/onepage/2020/09/24/inspiring-design-trends-this-fall-2017/index.html]
[bslthemes.com/arter-wp/v2/onepage/wp-content/cache/autoptimize/js/autoptimize_012fad816b54c007bd50bbcc510d8b5f.js]
[bslthemes.com/arter-wp/v2/onepage/index.html]
[bslthemes.com/arter-wp/v2/wp-content/themes/arter/assets/images/arrow.svg]
[bslthemes.com/arter-wp/v2/index56d6.html]
[bslthemes.com/arter-wp/v2/wp-json/wp/v2/portfolio/87.json]
[bslthemes.com/arter-wp/v2/wp-json/oembed/1.0/embed5beb.json]
[bslthemes.com/arter-wp/v2/wp-json/oembed/1.0/embed6243]
[bslthemes.com/arter-wp/v2/wp-content/uploads/2020/09/work-1-1280x768.jpg]
[bslthemes.com/arter-wp/v2/wp-content/uploads/2020/09/work-3-1280x768.jpg]
[bslthemes.com/arter-wp/v2/wp-content/uploads/2020/09/work-4-1280x768.jpg]
[bslthemes.com/arter-wp/v2/wp-content/uploads/2020/09/work-12.jpg]
[bslthemes.com/arter-wp/v2/wp-content/uploads/2020/09/work-12-1280x768.jpg]
[bslthemes.com/arter-wp/v2/wp-content/cache/autoptimize/js/autoptimize_4f78780af2719c9f695814a2fb022080.js]
[bslthemes.com/arter-wp/v2/portfolio/fitness-trainer-ui-card/index.html]
[bslthemes.com/arter-wp/v2/wp-json/wp/v2/portfolio/92.json]
[bslthemes.com/arter-wp/v2/wp-json/oembed/1.0/embed1ef7.json]
[bslthemes.com/arter-wp/v2/wp-json/oembed/1.0/embeda83e]
[bslthemes.com/arter-wp/v2/wp-content/uploads/2020/09/work-1-950x633.jpg]
[bslthemes.com/arter-wp/v2/wp-content/uploads/2020/09/work-2-950x1171.jpg]
[bslthemes.com/arter-wp/v2/wp-content/uploads/2020/09/work-3-950x536.jpg]
[bslthemes.com/arter-wp/v2/portfolio/vie-visiting-print-card/index.html]
[bslthemes.com/arter-wp/v2/wp-json/wp/v2/portfolio/99.json]
[bslthemes.com/arter-wp/v2/wp-json/oembed/1.0/embed5a16.json]
[bslthemes.com/arter-wp/v2/wp-json/oembed/1.0/embed4b81]
[bslthemes.com/arter-wp/v2/portfolio/yellow-paper-print/index.html]
[bslthemes.com/arter-wp/v2/wp-json/wp/v2/portfolio/98.json]
[bslthemes.com/arter-wp/v2/wp-json/oembed/1.0/embed8942.json]
[bslthemes.com/arter-wp/v2/wp-json/oembed/1.0/embed38b5]
[bslthemes.com/arter-wp/v2/portfolio/simple-visiting-ui-card/index.html]
[bslthemes.com/arter-wp/v2/wp-json/wp/v2/portfolio/109.json]
[bslthemes.com/arter-wp/v2/wp-json/oembed/1.0/embed30b8.json]
[bslthemes.com/arter-wp/v2/wp-json/oembed/1.0/embed0414]
[bslthemes.com/arter-wp/v2/wp-content/uploads/2020/09/work-5-1280x768.jpg]
[bslthemes.com/arter-wp/v2/portfolio/flow-focus-sketch-design/index.html]
[bslthemes.com/arter-wp/v2/portfolio/сardboard-сup-mockup/index.html]
[bslthemes.com/arter-wp/v2/wp-json/wp/v2/portfolio/107.json]
[bslthemes.com/arter-wp/v2/wp-json/oembed/1.0/embed0a11.json]
[bslthemes.com/arter-wp/v2/wp-json/oembed/1.0/embedd123]
[bslthemes.com/arter-wp/v2/wp-content/uploads/2020/09/work-7-1280x768.jpg]
[bslthemes.com/arter-wp/v2/portfolio/simple-bottle-logo/index.html]
[bslthemes.com/arter-wp/v2/wp-json/wp/v2/portfolio/106.json]
[bslthemes.com/arter-wp/v2/wp-json/oembed/1.0/embeda54e.json]
[bslthemes.com/arter-wp/v2/portfolio/coffee-menu-ui-design/index.html]
[bslthemes.com/arter-wp/v2/wp-json/oembed/1.0/embed9333]
[bslthemes.com/arter-wp/v2/wp-content/uploads/2020/09/work-9.jpg]
[bslthemes.com/arter-wp/v2/portfolio/black-cup-ui-design/index.html]
[bslthemes.com/arter-wp/v2/index43b2.html]
[bslthemes.com/arter-wp/v2/index8af0.html]
[bslthemes.com/arter-wp/v2/indexbbc7.html]
[bslthemes.com/arter-wp/v2/wp-content/cache/autoptimize/css/autoptimize_single_7c97f437d0887b3dfad8079bb4cc95d42856.css]
[bslthemes.com/arter-wp/v2/index4f61.html]
[bslthemes.com/arter-wp/v2/index8e01.html]
[bslthemes.com/arter-wp/v2/wp-json/wp/v2/posts/1.json]
[bslthemes.com/arter-wp/v2/2020/10/21/hello-world/feed/index.html]
[bslthemes.com/arter-wp/v2/wp-json/oembed/1.0/embede200.json]
[bslthemes.com/arter-wp/v2/wp-json/oembed/1.0/embedd75d]
[bslthemes.com/arter-wp/v2/wp-content/cache/autoptimize/js/autoptimize_9f1649ba1839c55bc0da1b1fae72f415.js]
[bslthemes.com/arter-wp/v2/2020/10/21/hello-world/index.html]
[bslthemes.com/arter-wp/v2/category/uncategorized/index.html]
[bslthemes.com/arter-wp/v2/2020/10/21/hello-world/index6809.html]
[bslthemes.com/arter-wp/v2/author/admin/index.html]
[bslthemes.com/arter-wp/v2/wp-json/wp/v2/posts/148.json]
[bslthemes.com/arter-wp/v2/2020/09/24/follow-your-own-design-process/feed/index.html]
[bslthemes.com/arter-wp/v2/wp-json/oembed/1.0/embed3a39.json]
[bslthemes.com/arter-wp/v2/wp-json/oembed/1.0/embed9981]
[bslthemes.com/arter-wp/v2/wp-content/uploads/2020/09/blog-7.jpg]
[bslthemes.com/arter-demo/wp-content/uploads/2020/09/work-10-1024x683.jpg]
[bslthemes.com/arter-demo/wp-content/uploads/2020/09/work-11-1024x683.jpg]
[bslthemes.com/arter-wp/v2/2020/09/24/follow-your-own-design-process/index.html]
[bslthemes.com/arter-wp/v2/wp-json/wp/v2/posts/146.json]
[bslthemes.com/arter-wp/v2/category/design/index.html]
[bslthemes.com/arter-wp/v2/category/events/index.html]
[bslthemes.com/arter-wp/v2/category/technology/index.html]
[bslthemes.com/arter-wp/v2/wp-json/oembed/1.0/embed1434.json]
[bslthemes.com/arter-wp/v2/tag/design/index.html]
[bslthemes.com/arter-wp/v2/tag/events/index.html]
[bslthemes.com/arter-wp/v2/tag/process/index.html]
[bslthemes.com/arter-wp/v2/2020/09/24/why-you-should-take-care-about-your-branding/feed/index.html]
[bslthemes.com/arter-wp/v2/wp-json/oembed/1.0/embed3e9f]
[bslthemes.com/arter-wp/v2/wp-content/uploads/2020/09/blog-4-scaled-1.jpg]
[bslthemes.com/arter-wp/v2/2020/09/24/why-you-should-take-care-about-your-branding/index.html]
[bslthemes.com/arter-wp/v2/wp-json/wp/v2/posts/144.json]
[bslthemes.com/arter-wp/v2/tag/branding/index.html]
[bslthemes.com/arter-wp/v2/tag/minimal/index.html]
[bslthemes.com/arter-wp/v2/tag/wordpress/index.html]
[bslthemes.com/arter-wp/v2/2020/09/24/the-main-thing-for-the-designer-to-create-things/feed/index.html]
[bslthemes.com/arter-wp/v2/wp-json/oembed/1.0/embede300.json]
[bslthemes.com/arter-wp/v2/wp-json/oembed/1.0/embed8db6]
[bslthemes.com/arter-wp/v2/wp-content/uploads/2020/09/blog-2.jpg]
[bslthemes.com/arter-demo/wp-content/uploads/2020/09/work-5-1024x578.jpg]
[bslthemes.com/arter-demo/wp-content/uploads/2020/09/work-7-1024x578.jpg]
[bslthemes.com/arter-wp/v2/2020/09/24/the-main-thing-for-the-designer-to-create-things/index.html]
[bslthemes.com/arter-wp/v2/tag/inspiring/index.html]
[bslthemes.com/arter-wp/v2/wp-json/wp/v2/posts/142.json]
[bslthemes.com/arter-wp/v2/category/nature/index.html]
[bslthemes.com/arter-wp/v2/2020/09/24/minimalism-has-reached-a-certain-critical-point/feed/index.html]
[bslthemes.com/arter-wp/v2/wp-json/oembed/1.0/embed555a.json]
[bslthemes.com/arter-wp/v2/wp-json/oembed/1.0/embed9be2]
[bslthemes.com/arter-wp/v2/wp-content/uploads/2020/09/blog-6.jpg]
[bslthemes.com/arter-demo/wp-content/uploads/2020/09/blog-4-673x1024.jpg]
[bslthemes.com/arter-demo/wp-content/uploads/2020/09/blog-5-683x1024.jpg]
[bslthemes.com/arter-wp/v2/2020/09/24/minimalism-has-reached-a-certain-critical-point/index.html]
[bslthemes.com/arter-wp/v2/wp-json/wp/v2/posts/140.json]
[bslthemes.com/arter-wp/v2/2020/09/24/inspiring-design-trends-this-fall-2017/feed/index.html]
[bslthemes.com/arter-wp/v2/wp-json/oembed/1.0/embed96e0.json]
[bslthemes.com/arter-wp/v2/2020/09/24/modern-street-art-as-a-source-of-inspiration/index.html]
[bslthemes.com/arter-wp/v2/wp-json/oembed/1.0/embed3727]
[bslthemes.com/arter-wp/v2/wp-content/uploads/2020/09/blog-3.jpg]
[bslthemes.com/arter-demo/wp-content/uploads/2020/09/blog-3-1024x731.jpg]
[bslthemes.com/arter-demo/wp-content/uploads/2020/09/blog-9-1024x577.jpg]
[bslthemes.com/arter-wp/v2/2020/09/24/inspiring-design-trends-this-fall-2017/index.html]
[bslthemes.com/arter-wp/v2/tag/nature/index.html]
[bslthemes.com/arter-wp/v2/wp-content/uploads/2020/09/blog-1-scaled-1-1280x768.jpg]
[bslthemes.com/arter-wp/v2/blog/page/2/index.html]
[bslthemes.com/arter-wp/v2/index5e74.html]
[bslthemes.com/arter-wp/v2/blog-3-column/page/2/index.html]
[bslthemes.com/arter-wp/v2/tag/trends/index.html]
[bslthemes.com/arter-wp/v2/indexec4a.html]
[bslthemes.com/arter-wp/v2/index04cd.html]
[bslthemes.com/arter-wp/v2/onepage/wp-content/themes/arter/assets/fonts/font-awesome/fonts/fontawesome-webfont3e6e.eot]
[bslthemes.com/arter-wp/v2/onepage/wp-content/plugins/elementor/assets/lib/eicons/fonts/eiconsc2cd.eot]
[bslthemes.com/arter-wp/v2/onepage/wp-content/cache/autoptimize/css/autoptimize_0b57de3d28d1288f93feecb323a186a4.css]
[bslthemes.com/arter-wp/v2/onepage/wp-content/cache/autoptimize/css/autoptimize_single_9f3141c619a704d4914c541105307c00d033.css]
[bslthemes.com/arter-wp/v2/onepage/wp-content/cache/autoptimize/css/autoptimize_single_4ca506ddf18e127bea236ff0b40eee0ed033.css]
[bslthemes.com/arter-wp/v2/onepage/wp-json/wp/v2/portfolio/87.json]
[bslthemes.com/arter-wp/v2/onepage/wp-json/oembed/1.0/embedbf95.json]
[bslthemes.com/arter-wp/v2/onepage/wp-json/oembed/1.0/embed9cb5]
[bslthemes.com/arter-wp/v2/onepage/wp-content/uploads/2020/09/work-1-1280x768.jpg]
[bslthemes.com/arter-wp/v2/onepage/wp-content/uploads/2020/09/work-3-1280x768.jpg]
[bslthemes.com/arter-wp/v2/onepage/wp-content/uploads/2020/09/work-4-1280x768.jpg]
[bslthemes.com/arter-wp/v2/onepage/wp-content/uploads/2020/09/work-12.jpg]
[bslthemes.com/arter-wp/v2/onepage/wp-content/uploads/2020/09/work-12-1280x768.jpg]
[bslthemes.com/arter-wp/v2/onepage/wp-content/cache/autoptimize/js/autoptimize_984cb3d6fe6da6fb457e113515299913.js]
[bslthemes.com/arter-wp/v2/onepage/portfolio/fitness-trainer-ui-card/index.html]
[bslthemes.com/arter-wp/v2/onepage/wp-json/wp/v2/portfolio/92.json]
[bslthemes.com/arter-wp/v2/onepage/portfolio/index.html]
[bslthemes.com/arter-wp/v2/onepage/wp-json/oembed/1.0/embedb8bc.json]
[bslthemes.com/arter-wp/v2/onepage/wp-json/oembed/1.0/embeda9b3]
[bslthemes.com/arter-wp/v2/onepage/wp-content/uploads/2020/09/work-1-950x633.jpg]
[bslthemes.com/arter-wp/v2/onepage/wp-content/uploads/2020/09/work-2-950x1171.jpg]
[bslthemes.com/arter-wp/v2/onepage/wp-content/uploads/2020/09/work-3-950x536.jpg]
[bslthemes.com/arter-wp/v2/onepage/portfolio/vie-visiting-print-card/index.html]
[bslthemes.com/arter-wp/v2/onepage/wp-json/wp/v2/portfolio/99.json]
[bslthemes.com/arter-wp/v2/onepage/wp-json/oembed/1.0/embed692a.json]
[bslthemes.com/arter-wp/v2/onepage/wp-json/oembed/1.0/embed5042]
[bslthemes.com/arter-wp/v2/onepage/portfolio/yellow-paper-print/index.html]
[bslthemes.com/arter-wp/v2/onepage/wp-json/wp/v2/portfolio/98.json]
[bslthemes.com/arter-wp/v2/onepage/wp-json/oembed/1.0/embed36fe.json]
[bslthemes.com/arter-wp/v2/onepage/wp-json/oembed/1.0/embed8b06]
[bslthemes.com/arter-wp/v2/onepage/portfolio/simple-visiting-ui-card/index.html]
[bslthemes.com/arter-wp/v2/onepage/wp-json/wp/v2/portfolio/109.json]
[bslthemes.com/arter-wp/v2/onepage/wp-json/oembed/1.0/embede6fc.json]
[bslthemes.com/arter-wp/v2/onepage/wp-json/oembed/1.0/embedf378]
[bslthemes.com/arter-wp/v2/onepage/wp-content/uploads/2020/09/work-5-1280x768.jpg]
[bslthemes.com/arter-wp/v2/onepage/portfolio/flow-focus-sketch-design/index.html]
[bslthemes.com/arter-wp/v2/onepage/portfolio/сardboard-сup-mockup/index.html]
[bslthemes.com/arter-wp/v2/onepage/wp-json/wp/v2/portfolio/107.json]
[bslthemes.com/arter-wp/v2/onepage/wp-json/oembed/1.0/embed4f1c.json]
[bslthemes.com/arter-wp/v2/onepage/wp-json/oembed/1.0/embed02d3]
[bslthemes.com/arter-wp/v2/onepage/wp-content/uploads/2020/09/work-7-1280x768.jpg]
[bslthemes.com/arter-wp/v2/onepage/portfolio/simple-bottle-logo/index.html]
[bslthemes.com/arter-wp/v2/onepage/wp-json/wp/v2/portfolio/106.json]
[bslthemes.com/arter-wp/v2/onepage/wp-json/oembed/1.0/embed7c39.json]
[bslthemes.com/arter-wp/v2/onepage/portfolio/coffee-menu-ui-design/index.html]
[bslthemes.com/arter-wp/v2/onepage/wp-json/oembed/1.0/embedca1f]
[bslthemes.com/arter-wp/v2/onepage/wp-content/uploads/2020/09/work-9.jpg]
[bslthemes.com/arter-wp/v2/onepage/portfolio/black-cup-ui-design/index.html]
[bslthemes.com/arter-wp/v2/onepage/wp-json/wp/v2/posts/1.json]
[bslthemes.com/arter-wp/v2/onepage/2020/10/21/hello-world/feed/index.html]
[bslthemes.com/arter-wp/v2/onepage/wp-json/oembed/1.0/embedbe28.json]
[bslthemes.com/arter-wp/v2/onepage/wp-json/oembed/1.0/embedcdcb]
[bslthemes.com/arter-wp/v2/onepage/wp-content/cache/autoptimize/js/autoptimize_3fe0f71057d9534df9ead30639b49100.js]
[bslthemes.com/arter-wp/v2/onepage/2020/10/21/hello-world/index.html]
[bslthemes.com/arter-wp/v2/onepage/category/uncategorized/index.html]
[bslthemes.com/arter-wp/v2/onepage/author/admin/index.html]
[bslthemes.com/arter-wp/v2/onepage/wp-json/wp/v2/posts/148.json]
[bslthemes.com/arter-wp/v2/onepage/2020/10/21/hello-world/index6809.html]
[bslthemes.com/arter-wp/v2/onepage/2020/09/24/follow-your-own-design-process/feed/index.html]
[bslthemes.com/arter-wp/v2/onepage/blog/index.html]
[bslthemes.com/arter-wp/v2/onepage/wp-json/oembed/1.0/embed7740.json]
[bslthemes.com/arter-wp/v2/onepage/wp-json/oembed/1.0/embed485c]
[bslthemes.com/arter-wp/v2/onepage/wp-content/uploads/2020/09/blog-7.jpg]
[bslthemes.com/arter-wp/v2/onepage/2020/09/24/follow-your-own-design-process/index.html]
[bslthemes.com/arter-wp/v2/onepage/wp-json/wp/v2/posts/146.json]
[bslthemes.com/arter-wp/v2/onepage/category/design/index.html]
[bslthemes.com/arter-wp/v2/onepage/category/events/index.html]
[bslthemes.com/arter-wp/v2/onepage/category/technology/index.html]
[bslthemes.com/arter-wp/v2/onepage/wp-json/oembed/1.0/embeda540.json]
[bslthemes.com/arter-wp/v2/onepage/tag/design/index.html]
[bslthemes.com/arter-wp/v2/onepage/tag/events/index.html]
[bslthemes.com/arter-wp/v2/onepage/tag/process/index.html]
[bslthemes.com/arter-wp/v2/onepage/2020/09/24/why-you-should-take-care-about-your-branding/feed/index.html]
[bslthemes.com/arter-wp/v2/onepage/wp-json/oembed/1.0/embed3e87]
[bslthemes.com/arter-wp/v2/onepage/wp-content/uploads/2020/09/blog-4-scaled-1.jpg]
[bslthemes.com/arter-wp/v2/onepage/2020/09/24/why-you-should-take-care-about-your-branding/index.html]
[bslthemes.com/arter-wp/v2/onepage/wp-json/wp/v2/posts/144.json]
[bslthemes.com/arter-wp/v2/onepage/tag/branding/index.html]
[bslthemes.com/arter-wp/v2/onepage/tag/minimal/index.html]
[bslthemes.com/arter-wp/v2/onepage/tag/wordpress/index.html]
[bslthemes.com/arter-wp/v2/onepage/2020/09/24/the-main-thing-for-the-designer-to-create-things/feed/index.html]
[bslthemes.com/arter-wp/v2/onepage/wp-json/oembed/1.0/embedf9fd.json]
[bslthemes.com/arter-wp/v2/onepage/wp-json/oembed/1.0/embed0487]
[bslthemes.com/arter-wp/v2/onepage/wp-content/uploads/2020/09/blog-2.jpg]
[bslthemes.com/arter-wp/v2/onepage/2020/09/24/the-main-thing-for-the-designer-to-create-things/index.html]
[bslthemes.com/arter-wp/v2/onepage/wp-json/wp/v2/posts/142.json]
[bslthemes.com/arter-wp/v2/onepage/category/nature/index.html]
[bslthemes.com/arter-wp/v2/onepage/tag/inspiring/index.html]
[bslthemes.com/arter-wp/v2/onepage/2020/09/24/minimalism-has-reached-a-certain-critical-point/feed/index.html]
[bslthemes.com/arter-wp/v2/onepage/wp-json/oembed/1.0/embedfe14.json]
[bslthemes.com/arter-wp/v2/onepage/wp-json/oembed/1.0/embede400]
[bslthemes.com/arter-wp/v2/onepage/wp-content/uploads/2020/09/blog-6.jpg]
[bslthemes.com/arter-wp/v2/onepage/2020/09/24/minimalism-has-reached-a-certain-critical-point/index.html]
[bslthemes.com/arter-wp/v2/onepage/wp-json/wp/v2/posts/140.json]
[bslthemes.com/arter-wp/v2/onepage/2020/09/24/inspiring-design-trends-this-fall-2017/feed/index.html]
[bslthemes.com/arter-wp/v2/onepage/2020/09/24/modern-street-art-as-a-source-of-inspiration/index.html]
[bslthemes.com/arter-wp/v2/onepage/wp-json/oembed/1.0/embed54d0.json]
[bslthemes.com/arter-wp/v2/onepage/wp-json/oembed/1.0/embed012b]
[bslthemes.com/arter-wp/v2/onepage/wp-content/uploads/2020/09/blog-3.jpg]
[bslthemes.com/arter-wp/v2/onepage/2020/09/24/inspiring-design-trends-this-fall-2017/index.html]
[bslthemes.com/arter-wp/v2/index5d38.html]
[bslthemes.com/arter-wp/v2/index8e15.html]
[bslthemes.com/arter-wp/v2/index5401.html]
[bslthemes.com/arter-wp/v2/indexb6ad.html]
[bslthemes.com/arter-wp/v2/indexe887.html]
[bslthemes.com/arter-wp/v2/index5a24.html]
[bslthemes.com/arter-wp/v2/onepage/tag/trends/index.html]
[bslthemes.com/arter-wp/v2/onepage/tag/nature/index.html]
[bslthemes.com/arter-wp/v2/wp-json/wp/v2/portfolio/125.json]
[bslthemes.com/arter-wp/v2/wp-json/oembed/1.0/embed66ff.json]
[bslthemes.com/arter-wp/v2/portfolio/vie-mobile-app/index.html]
[bslthemes.com/arter-wp/v2/wp-json/oembed/1.0/embed534c]
[bslthemes.com/arter-wp/v2/wp-content/uploads/2020/09/work-10.jpg]
[bslthemes.com/arter-wp/v2/wp-content/uploads/2020/09/work-10-1280x768.jpg]
[bslthemes.com/arter-wp/v2/portfolio/coffee-menu-ui-design/index.html]
[bslthemes.com/arter-wp/v2/index153d.html]
[bslthemes.com/arter-wp/v2/wp-content/cache/autoptimize/css/autoptimize_b912382f302c5d146a3dc6f73e9d121b.css]
[bslthemes.com/arter-wp/v2/indexcff1.html]
[bslthemes.com/arter-wp/v2/xmlrpc.php]
[bslthemes.com/arter-wp/v2/wp-json/wp/v2/categories/1.json]
[bslthemes.com/arter-wp/v2/wp-content/cache/autoptimize/js/autoptimize_a2585ac4f273f7b09985bf1b9528d97c.js]
[bslthemes.com/arter-wp/v2/category/uncategorized/index.html]
[bslthemes.com/arter-wp/v2/category/uncategorized/feed/index.html]
[bslthemes.com/arter-wp/v2/wp-json/wp/v2/users/1.json]
[bslthemes.com/arter-wp/v2/author/admin/index.html]
[bslthemes.com/arter-wp/v2/author/admin/feed/index.html]
[bslthemes.com/arter-wp/v2/2020/10/21/hello-world/index6809.html]
[bslthemes.com/arter-wp/v2/indexa36b.html]
[bslthemes.com/arter-wp/v2/author/admin/page/2/index.html]
[bslthemes.com/arter-wp/v2/wp-json/wp/v2/categories/2.json]
[bslthemes.com/arter-wp/v2/category/design/index.html]
[bslthemes.com/arter-wp/v2/category/design/feed/index.html]
[bslthemes.com/arter-wp/v2/wp-json/wp/v2/categories/3.json]
[bslthemes.com/arter-wp/v2/category/events/index.html]
[bslthemes.com/arter-wp/v2/category/events/feed/index.html]
[bslthemes.com/arter-wp/v2/wp-json/wp/v2/categories/5.json]
[bslthemes.com/arter-wp/v2/category/technology/index.html]
[bslthemes.com/arter-wp/v2/category/technology/feed/index.html]
[bslthemes.com/arter-wp/v2/wp-json/wp/v2/tags/8.json]
[bslthemes.com/arter-wp/v2/tag/design/index.html]
[bslthemes.com/arter-wp/v2/tag/design/feed/index.html]
[bslthemes.com/arter-wp/v2/tag/events/feed/index.html]
[bslthemes.com/arter-wp/v2/wp-json/wp/v2/tags/9.json]
[bslthemes.com/arter-wp/v2/tag/events/index.html]
[bslthemes.com/arter-wp/v2/wp-json/wp/v2/tags/14.json]
[bslthemes.com/arter-wp/v2/tag/process/index.html]
[bslthemes.com/arter-wp/v2/indexf488.html]
[bslthemes.com/arter-wp/v2/tag/process/feed/index.html]
[bslthemes.com/arter-wp/v2/wp-json/wp/v2/tags/6.json]
[bslthemes.com/arter-wp/v2/tag/branding/index.html]
[bslthemes.com/arter-wp/v2/tag/branding/feed/index.html]
[bslthemes.com/arter-wp/v2/wp-json/wp/v2/tags/11.json]
[bslthemes.com/arter-wp/v2/tag/minimal/index.html]
[bslthemes.com/arter-wp/v2/tag/minimal/feed/index.html]
[bslthemes.com/arter-wp/v2/wp-json/wp/v2/tags/17.json]
[bslthemes.com/arter-wp/v2/tag/wordpress/index.html]
[bslthemes.com/arter-wp/v2/index421d.html]
[bslthemes.com/arter-wp/v2/tag/wordpress/feed/index.html]
[bslthemes.com/arter-wp/v2/wp-json/wp/v2/categories/4.json]
[bslthemes.com/arter-wp/v2/category/nature/index.html]
[bslthemes.com/arter-wp/v2/category/nature/feed/index.html]
[bslthemes.com/arter-wp/v2/wp-json/wp/v2/tags/10.json]
[bslthemes.com/arter-wp/v2/tag/inspiring/index.html]
[bslthemes.com/arter-wp/v2/indexee5b.html]
[bslthemes.com/arter-wp/v2/tag/inspiring/feed/index.html]
[bslthemes.com/arter-wp/v2/wp-json/wp/v2/posts/138.json]
[bslthemes.com/arter-wp/v2/2020/09/24/modern-street-art-as-a-source-of-inspiration/feed/index.html]
[bslthemes.com/arter-wp/v2/wp-json/oembed/1.0/embed011e.json]
[bslthemes.com/arter-wp/v2/wp-json/oembed/1.0/embed78df]
[bslthemes.com/arter-wp/v2/wp-content/uploads/2020/09/blog-1-scaled-1.jpg]
[bslthemes.com/arter-demo/wp-content/uploads/2020/09/blog-8-1024x683.jpg]
[bslthemes.com/arter-demo/wp-content/uploads/2020/09/blog-6-1024x683.jpg]
[bslthemes.com/arter-wp/v2/2020/09/24/modern-street-art-as-a-source-of-inspiration/index.html]
[bslthemes.com/arter-wp/v2/index248a.html]
[bslthemes.com/arter-wp/v2/tag/creative/index.html]
[bslthemes.com/arter-wp/v2/tag/resume/index.html]
[bslthemes.com/arter-wp/v2/wp-json/wp/v2/tags/12.json]
[bslthemes.com/arter-wp/v2/tag/nature/index.html]
[bslthemes.com/arter-wp/v2/tag/nature/feed/index.html]
[bslthemes.com/arter-wp/v2/wp-json/wp/v2/tags/16.json]
[bslthemes.com/arter-wp/v2/tag/trends/index.html]
[bslthemes.com/arter-wp/v2/blog/page/1/index.html]
[bslthemes.com/arter-wp/v2/blog-3-column/page/1/index.html]
[bslthemes.com/arter-wp/v2/onepage/wp-content/themes/arter/assets/images/arrow.svg]
[bslthemes.com/arter-wp/v2/onepage/index5d38.html]
[bslthemes.com/arter-wp/v2/tag/trends/feed/index.html]
[bslthemes.com/arter-wp/v2/onepage/wp-json/wp/v2/pages/162.json]
[bslthemes.com/arter-wp/v2/onepage/wp-json/oembed/1.0/embedf7fb.json]
[bslthemes.com/arter-wp/v2/onepage/wp-json/oembed/1.0/embedcfc2]
[bslthemes.com/arter-wp/v2/onepage/portfolio/index.html]
[bslthemes.com/arter-wp/v2/onepage/index8e15.html]
[bslthemes.com/arter-wp/v2/onepage/index5401.html]
[bslthemes.com/arter-wp/v2/onepage/indexb6ad.html]
[bslthemes.com/arter-wp/v2/onepage/indexe887.html]
[bslthemes.com/arter-wp/v2/onepage/index5a24.html]
[bslthemes.com/arter-wp/v2/onepage/wp-json/wp/v2/portfolio/125.json]
[bslthemes.com/arter-wp/v2/onepage/wp-json/oembed/1.0/embeda0d4.json]
[bslthemes.com/arter-wp/v2/onepage/portfolio/vie-mobile-app/index.html]
[bslthemes.com/arter-wp/v2/onepage/wp-json/oembed/1.0/embed36bc]
[bslthemes.com/arter-wp/v2/onepage/wp-content/uploads/2020/09/work-10.jpg]
[bslthemes.com/arter-wp/v2/onepage/wp-content/uploads/2020/09/work-10-1280x768.jpg]
[bslthemes.com/arter-wp/v2/onepage/portfolio/coffee-menu-ui-design/index.html]
[bslthemes.com/arter-wp/v2/onepage/index153d.html]
[bslthemes.com/arter-wp/v2/onepage/wp-content/cache/autoptimize/css/autoptimize_833eb29cb7d13653919b62a261260796.css]
[bslthemes.com/arter-wp/v2/onepage/indexcff1.html]
[bslthemes.com/arter-wp/v2/onepage/xmlrpc.php]
[bslthemes.com/arter-wp/v2/onepage/wp-json/wp/v2/categories/1.json]
[bslthemes.com/arter-wp/v2/onepage/category/uncategorized/feed/index.html]
[bslthemes.com/arter-wp/v2/onepage/wp-content/cache/autoptimize/js/autoptimize_87b6e44f951d4179a8973e0219fc9ba9.js]
[bslthemes.com/arter-wp/v2/onepage/category/uncategorized/index.html]
[bslthemes.com/arter-wp/v2/onepage/wp-json/wp/v2/users/1.json]
[bslthemes.com/arter-wp/v2/onepage/author/admin/index.html]
[bslthemes.com/arter-wp/v2/onepage/author/admin/feed/index.html]
[bslthemes.com/arter-wp/v2/onepage/author/admin/page/2/index.html]
[bslthemes.com/arter-wp/v2/onepage/2020/10/21/hello-world/index6809.html]
[bslthemes.com/arter-wp/v2/onepage/wp-json/wp/v2/pages/166.json]
[bslthemes.com/arter-wp/v2/onepage/wp-json/oembed/1.0/embeda27b.json]
[bslthemes.com/arter-wp/v2/onepage/wp-json/oembed/1.0/embed66aa]
[bslthemes.com/arter-wp/v2/onepage/blog/index.html]
[bslthemes.com/arter-wp/v2/onepage/indexa36b.html]
[bslthemes.com/arter-wp/v2/onepage/wp-json/wp/v2/categories/2.json]
[bslthemes.com/arter-wp/v2/onepage/category/design/feed/index.html]
[bslthemes.com/arter-wp/v2/onepage/blog/page/2/index.html]
[bslthemes.com/arter-wp/v2/onepage/wp-content/uploads/2020/09/blog-1-scaled-1-1280x768.jpg]
[bslthemes.com/arter-wp/v2/onepage/category/design/index.html]
[bslthemes.com/arter-wp/v2/onepage/wp-json/wp/v2/categories/3.json]
[bslthemes.com/arter-wp/v2/onepage/category/events/index.html]
[bslthemes.com/arter-wp/v2/onepage/category/events/feed/index.html]
[bslthemes.com/arter-wp/v2/onepage/wp-json/wp/v2/categories/5.json]
[bslthemes.com/arter-wp/v2/onepage/category/technology/index.html]
[bslthemes.com/arter-wp/v2/onepage/category/technology/feed/index.html]
[bslthemes.com/arter-wp/v2/onepage/wp-json/wp/v2/tags/8.json]
[bslthemes.com/arter-wp/v2/onepage/tag/design/index.html]
[bslthemes.com/arter-wp/v2/onepage/tag/design/feed/index.html]
[bslthemes.com/arter-wp/v2/onepage/wp-json/wp/v2/tags/9.json]
[bslthemes.com/arter-wp/v2/onepage/tag/events/index.html]
[bslthemes.com/arter-wp/v2/onepage/tag/events/feed/index.html]
[bslthemes.com/arter-wp/v2/onepage/wp-json/wp/v2/tags/14.json]
[bslthemes.com/arter-wp/v2/onepage/tag/process/index.html]
[bslthemes.com/arter-wp/v2/onepage/indexf488.html]
[bslthemes.com/arter-wp/v2/onepage/tag/process/feed/index.html]
[bslthemes.com/arter-wp/v2/onepage/wp-json/wp/v2/tags/6.json]
[bslthemes.com/arter-wp/v2/onepage/tag/branding/index.html]
[bslthemes.com/arter-wp/v2/onepage/tag/branding/feed/index.html]
[bslthemes.com/arter-wp/v2/onepage/wp-json/wp/v2/tags/11.json]
[bslthemes.com/arter-wp/v2/onepage/tag/minimal/index.html]
[bslthemes.com/arter-wp/v2/onepage/tag/minimal/feed/index.html]
[bslthemes.com/arter-wp/v2/onepage/wp-json/wp/v2/tags/17.json]
[bslthemes.com/arter-wp/v2/onepage/tag/wordpress/index.html]
[bslthemes.com/arter-wp/v2/onepage/index421d.html]
[bslthemes.com/arter-wp/v2/onepage/tag/wordpress/feed/index.html]
[bslthemes.com/arter-wp/v2/onepage/wp-json/wp/v2/categories/4.json]
[bslthemes.com/arter-wp/v2/onepage/category/nature/index.html]
[bslthemes.com/arter-wp/v2/onepage/category/nature/feed/index.html]
[bslthemes.com/arter-wp/v2/onepage/wp-json/wp/v2/tags/10.json]
[bslthemes.com/arter-wp/v2/onepage/tag/inspiring/index.html]
[bslthemes.com/arter-wp/v2/onepage/indexee5b.html]
[bslthemes.com/arter-wp/v2/onepage/tag/inspiring/feed/index.html]
[bslthemes.com/arter-wp/v2/onepage/wp-json/wp/v2/posts/138.json]
[bslthemes.com/arter-wp/v2/onepage/2020/09/24/modern-street-art-as-a-source-of-inspiration/feed/index.html]
[bslthemes.com/arter-wp/v2/onepage/wp-json/oembed/1.0/embed5854.json]
[bslthemes.com/arter-wp/v2/onepage/wp-json/oembed/1.0/embed44db]
[bslthemes.com/arter-wp/v2/onepage/wp-content/uploads/2020/09/blog-1-scaled-1.jpg]
[bslthemes.com/arter-wp/v2/onepage/2020/09/24/modern-street-art-as-a-source-of-inspiration/index.html]
[bslthemes.com/arter-wp/v2/onepage/index248a.html]
[bslthemes.com/arter-wp/v2/onepage/wp-json/wp/v2/tags/12.json]
[bslthemes.com/arter-wp/v2/onepage/tag/creative/index.html]
[bslthemes.com/arter-wp/v2/onepage/tag/resume/index.html]
[bslthemes.com/arter-wp/v2/onepage/tag/nature/index.html]
[bslthemes.com/arter-wp/v2/onepage/tag/nature/feed/index.html]
[bslthemes.com/arter-wp/v2/onepage/tag/trends/feed/index.html]
[bslthemes.com/arter-wp/v2/onepage/wp-json/wp/v2/tags/16.json]
[bslthemes.com/arter-wp/v2/onepage/tag/trends/index.html]
[bslthemes.com/arter-wp/v2/wp-json/wp/v2/portfolio/123.json]
[bslthemes.com/arter-wp/v2/wp-json/oembed/1.0/embed4a96.json]
[bslthemes.com/arter-wp/v2/portfolio/vie-company-logo/index.html]
[bslthemes.com/arter-wp/v2/wp-json/oembed/1.0/embed9ba3]
[bslthemes.com/arter-wp/v2/wp-content/uploads/2020/09/work-13-scaled-1.jpg]
[bslthemes.com/arter-wp/v2/wp-content/uploads/2020/09/work-13-scaled-1-1280x768.jpg]
[bslthemes.com/arter-wp/v2/portfolio/vie-mobile-app/index.html]
[bslthemes.com/arter-wp/v2/index5070.html]
[bslthemes.com/arter-wp/v2/author/admin/page/2/index.html]
[bslthemes.com/arter-wp/v2/index1a26.html]
[bslthemes.com/arter-wp/v2/wp-json/wp/v2/tags/7.json]
[bslthemes.com/arter-wp/v2/tag/creative/index.html]
[bslthemes.com/arter-wp/v2/tag/creative/feed/index.html]
[bslthemes.com/arter-wp/v2/wp-json/wp/v2/tags/15.json]
[bslthemes.com/arter-wp/v2/tag/resume/index.html]
[bslthemes.com/arter-wp/v2/onepage/indexbbc7.html]
[bslthemes.com/arter-wp/v2/tag/resume/feed/index.html]
[bslthemes.com/arter-wp/v2/onepage/wp-json/wp/v2/portfolio/123.json]
[bslthemes.com/arter-wp/v2/onepage/wp-json/oembed/1.0/embedad95.json]
[bslthemes.com/arter-wp/v2/onepage/portfolio/vie-company-logo/index.html]
[bslthemes.com/arter-wp/v2/onepage/wp-json/oembed/1.0/embedd3ec]
[bslthemes.com/arter-wp/v2/onepage/wp-content/uploads/2020/09/work-13-scaled-1.jpg]
[bslthemes.com/arter-wp/v2/onepage/wp-content/uploads/2020/09/work-13-scaled-1-1280x768.jpg]
[bslthemes.com/arter-wp/v2/onepage/portfolio/vie-mobile-app/index.html]
[bslthemes.com/arter-wp/v2/onepage/index5070.html]
[bslthemes.com/arter-wp/v2/onepage/author/admin/page/2/index.html]
[bslthemes.com/arter-wp/v2/onepage/index8e01.html]
[bslthemes.com/arter-wp/v2/onepage/blog/page/2/index.html]
[bslthemes.com/arter-wp/v2/onepage/index1a26.html]
[bslthemes.com/arter-wp/v2/onepage/wp-json/wp/v2/tags/7.json]
[bslthemes.com/arter-wp/v2/onepage/tag/creative/index.html]
[bslthemes.com/arter-wp/v2/onepage/tag/creative/feed/index.html]
[bslthemes.com/arter-wp/v2/onepage/wp-json/wp/v2/tags/15.json]
[bslthemes.com/arter-wp/v2/onepage/tag/resume/index.html]
[bslthemes.com/arter-wp/v2/onepage/tag/resume/feed/index.html]
[bslthemes.com/arter-wp/v2/wp-json/wp/v2/portfolio/124.json]
[bslthemes.com/arter-wp/v2/wp-json/oembed/1.0/embedf475.json]
[bslthemes.com/arter-wp/v2/portfolio/creative-paper-print/index.html]
[bslthemes.com/arter-wp/v2/wp-json/oembed/1.0/embed1c99]
[bslthemes.com/arter-wp/v2/portfolio/vie-company-logo/index.html]
[bslthemes.com/arter-wp/v2/indexb8c4.html]
[bslthemes.com/arter-wp/v2/onepage/wp-json/wp/v2/portfolio/124.json]
[bslthemes.com/arter-wp/v2/onepage/wp-json/oembed/1.0/embedc7d3.json]
[bslthemes.com/arter-wp/v2/onepage/wp-json/oembed/1.0/embedae94]
[bslthemes.com/arter-wp/v2/onepage/portfolio/vie-company-logo/index.html]
[bslthemes.com/arter-wp/v2/onepage/indexb8c4.html]
[bslthemes.com/arter-wp/v2/onepage/blog/page/1/index.html]
[bslthemes.com/arter-wp/v2/onepage/portfolio/creative-paper-print/index.html]
[bslthemes.com/arter-wp/v2/wp-json/wp/v2/portfolio/122.json]
[bslthemes.com/arter-wp/v2/wp-json/oembed/1.0/embed9de7.json]
[bslthemes.com/arter-wp/v2/wp-json/oembed/1.0/embed382d]
[bslthemes.com/arter-wp/v2/wp-content/uploads/2020/09/work-11.jpg]
[bslthemes.com/arter-wp/v2/portfolio/creative-paper-print/index.html]
[bslthemes.com/arter-wp/v2/indexd4a6.html]
[bslthemes.com/arter-wp/v2/onepage/wp-json/wp/v2/portfolio/122.json]
[bslthemes.com/arter-wp/v2/onepage/wp-json/oembed/1.0/embedacd7.json]
[bslthemes.com/arter-wp/v2/onepage/wp-json/oembed/1.0/embedf3be]
[bslthemes.com/arter-wp/v2/onepage/wp-content/uploads/2020/09/work-11.jpg]
[bslthemes.com/arter-wp/v2/onepage/portfolio/creative-paper-print/index.html]
[bslthemes.com/arter-wp/v2/onepage/indexd4a6.html]
[bslthemes.com/arter-wp/v2/indexdb84.html]
[bslthemes.com/arter-wp/v2/onepage/indexdb84.html]
